ASxxxx Linker V03.00 + NoICE + sdld,  page 1.
Hexadecimal  [32-Bits]

Area                                    Addr        Size        Decimal Bytes (Attributes)
--------------------------------        ----        ----        ------- ----- ------------
.  .ABS.                            00000000    00000000 =           0. bytes (ABS,CON)

      Value  Global                              Global Defined In Module
      -----  --------------------------------   ------------------------
     00000000  .__.ABS.                           cpct_strings
     00000000  l__CABS                         
     00000000  l__DABS                         
     00000000  l__DATA                         
     00000000  l__GSFINAL                      
     00000000  l__GSINIT                       
     00000000  l__HOME                         
     00000000  l__INITIALIZED                  
     00000000  l__INITIALIZER                  
     00000000  l___song                        
     00000000  l___song2                       
     00000000  l___song3                       
     00000000  l___song4                       
     00000000  s__CABS                         
     00000000  s__DABS                         
     00000000  s___song                        
     00000000  s___song0                       
     00000000  s___song2                       
     00000000  s___song20                      
     00000000  s___song3                       
     00000000  s___song30                      
     00000000  s___song4                       
     00000000  s___song40                      
     00000005  max_bales                          
     0000000A  _max_function                      
     00000014  _mapa1_W                           
     00000014  _mapa2_W                           
     00000014  _mapa3_W                           
     00000014  _mapa4_W                           
     00000014  _mapa5_W                           
     00000014  _mapa6_W                           
     00000014  _single_mapa1_W                    
     00000014  _single_mapa2_W                    
     00000014  _single_mapa3_W                    
     00000014  _single_mapa4_W                    
     00000014  _single_mapa5_W                    
     00000014  _single_mapa6_W                    
     00000019  _mapa1_H                           
     00000019  _mapa2_H                           
     00000019  _mapa3_H                           
     00000019  _mapa4_H                           
     00000019  _mapa5_H                           
     00000019  _mapa6_H                           
     00000019  _single_mapa1_H                    
     00000019  _single_mapa2_H                    
     00000019  _single_mapa3_H                    
     00000019  _single_mapa4_H                    
     00000019  _single_mapa5_H                    
     00000019  _single_mapa6_H                    
     000000E2  l___song20                      
ASxxxx Linker V03.00 + NoICE + sdld,  page 2.
Hexadecimal  [32-Bits]

Area                                    Addr        Size        Decimal Bytes (Attributes)
--------------------------------        ----        ----        ------- ----- ------------
.  .ABS.                            00000000    00000000 =           0. bytes (ABS,CON)

      Value  Global                              Global Defined In Module
      -----  --------------------------------   ------------------------
     00000131  l___song40                      
     00000174  l___song30                      
     0000017E  l___song0                       
     000001F4  _mapa1_SIZE                        
     000001F4  _mapa2_SIZE                        
     000001F4  _mapa3_SIZE                        
     000001F4  _mapa4_SIZE                        
     000001F4  _mapa5_SIZE                        
     000001F4  _mapa6_SIZE                        
     000001F4  _single_mapa1_SIZE                 
     000001F4  _single_mapa2_SIZE                 
     000001F4  _single_mapa3_SIZE                 
     000001F4  _single_mapa4_SIZE                 
     000001F4  _single_mapa5_SIZE                 
     000001F4  _single_mapa6_SIZE                 
     00001950  s__CODE                         
     00005F7B  l__CODE                         
     000078CB  s__DATA                         
     000078CB  s__GSFINAL                      
     000078CB  s__GSINIT                       
     000078CB  s__HOME                         
     000078CB  s__INITIALIZED                  
     000078CB  s__INITIALIZER                  

ASxxxx Linker V03.00 + NoICE + sdld,  page 3.
Hexadecimal  [32-Bits]

Area                                    Addr        Size        Decimal Bytes (Attributes)
--------------------------------        ----        ----        ------- ----- ------------
_CODE                               00001950    00005F7B =       24443. bytes (REL,CON)

      Value  Global                              Global Defined In Module
      -----  --------------------------------   ------------------------
     00001950  _tileset_00                        tiles32_32
     00001970  _tileset_01                        tiles32_32
     00001990  _tileset_02                        tiles32_32
     000019B0  _tileset_03                        tiles32_32
     000019D0  _tileset_04                        tiles32_32
     000019F0  _tileset_05                        tiles32_32
     00001A10  _tileset_06                        tiles32_32
     00001A30  _tileset_07                        tiles32_32
     00001A50  _tileset_08                        tiles32_32
     00001A70  _tileset_09                        tiles32_32
     00001A90  _tileset_10                        tiles32_32
     00001AB0  _tileset_11                        tiles32_32
     00001AD0  _tileset_12                        tiles32_32
     00001AF0  _tileset_13                        tiles32_32
     00001B10  _tileset_14                        tiles32_32
     00001B30  _tileset_15                        tiles32_32
     00001B50  _tileset_16                        tiles32_32
     00001B70  _tileset_17                        tiles32_32
     00001B90  _tileset_18                        tiles32_32
     00001BB0  _tileset_19                        tiles32_32
     00001BD0  _tileset_20                        tiles32_32
     00001BF0  _tileset_21                        tiles32_32
     00001C10  _tileset_22                        tiles32_32
     00001C30  _tileset_23                        tiles32_32
     00001C50  _tileset_24                        tiles32_32
     00001C70  _tileset_25                        tiles32_32
     00001C90  _tileset_26                        tiles32_32
     00001CB0  _tileset_27                        tiles32_32
     00001CD0  _tileset_28                        tiles32_32
     00001CF0  _tileset_29                        tiles32_32
     00001D10  _tileset_30                        tiles32_32
     00001D30  _tileset_31                        tiles32_32
     00001D50  _spr4                              4
     00001D90  _spr3                              3
     00001DD0  _spr2                              2
     00001E10  _balaExpl_sp_0                     balaExp
     00001E20  _balaExpl_sp_1                     balaExp
     00001E30  _balaExpl_sp_2                     balaExp
     00001E40  _balaExpl_sp_3                     balaExp
     00001E50  _canonExpl_0                       explosionTanque
     00001E90  _canonExpl_1                       explosionTanque
     00001ED0  _canonExpl_2                       explosionTanque
     00001F10  _canonExpl_3                       explosionTanque
     00001F50  _bala_sp                           bala
     00001F60  _player_sp                         player
     00002060  _plant_sp                          plant
     000020A0  _canons_pal2                       tankes8x16
     000020B0  _cannons_sp_00                     tankes8x16
     000020F0  _cannons_sp_01                     tankes8x16
     00002130  _cannons_sp_02                     tankes8x16
ASxxxx Linker V03.00 + NoICE + sdld,  page 4.
Hexadecimal  [32-Bits]

Area                                    Addr        Size        Decimal Bytes (Attributes)
--------------------------------        ----        ----        ------- ----- ------------
_CODE                               00001950    00005F7B =       24443. bytes (REL,CON)

      Value  Global                              Global Defined In Module
      -----  --------------------------------   ------------------------
     00002170  _cannons_sp_03                     tankes8x16
     000021B0  _cannons_sp_04                     tankes8x16
     000021F0  _cannons_sp_05                     tankes8x16
     00002230  _cannons_sp_06                     tankes8x16
     00002270  _cannons_sp_07                     tankes8x16
     000022B0  _cannons_sp_08                     tankes8x16
     000022F0  _cannons_sp_09                     tankes8x16
     00002330  _cannons_sp_10                     tankes8x16
     00002370  _cannons_sp_11                     tankes8x16
     000023B0  _cannons_sp_12                     tankes8x16
     000023F0  _cannons_sp_13                     tankes8x16
     00002430  _cannons_sp_14                     tankes8x16
     00002470  _cannons_sp_15                     tankes8x16
     000024B0  _cannons_sp_16                     tankes8x16
     000024F0  _cannons_sp_17                     tankes8x16
     00002530  _cannons_sp_18                     tankes8x16
     00002570  _cannons_sp_19                     tankes8x16
     000025B0  _single_mapa6                      
     000027A4  _single_mapa5                      
     00002998  _single_mapa4                      
     00002B8C  _single_mapa3                      
     00002D80  _single_mapa2                      
     00002F74  _single_mapa1                      
     00003168  _mapa6                             
     0000335C  _mapa5                             
     00003550  _mapa4                             
     00003744  _mapa3                             
     00003938  _mapa2                             
     00003B2C  _mapa1                             
     00003D87  _main                              
     00003DB2  estado_nivel_single                
     00003DB4  crear_nivel_single                 
     00003DD2  nivel_1                            
     00003DFD  nivel_2                            
     00003E25  nivel_3                            
     00003E50  nivel_4                            
     00003E78  nivel_5                            
     00003EA3  nivel_6                            
     00003ED0  crear_nivel_multi                  
     00003EE5  nivel_multi_1                      
     00003EFE  nivel_multi_2                      
     00003F11  nivel_multi_3                      
     00003F27  nivel_multi_4                      
     00003F3A  nivel_multi_5                      
     00003F61  sistema_reiniciar_niveles          
     00003F88  videoPrt                           
     00003F8A  map_switchBuffers                  
     00003FA2  map_firstBuffer                    
     00003FAC  map_getVideoPrt                    
     0000416A  man_patrol_single_11_get           
     0000416E  man_patrol_single_12_get           
ASxxxx Linker V03.00 + NoICE + sdld,  page 5.
Hexadecimal  [32-Bits]

Area                                    Addr        Size        Decimal Bytes (Attributes)
--------------------------------        ----        ----        ------- ----- ------------
_CODE                               00001950    00005F7B =       24443. bytes (REL,CON)

      Value  Global                              Global Defined In Module
      -----  --------------------------------   ------------------------
     00004172  man_patrol_single_13_get           
     00004176  man_patrol_single_21_get           
     0000417A  man_patrol_single_22_get           
     0000417E  man_patrol_single_23_get           
     00004182  man_patrol_single_31_get           
     00004186  man_patrol_single_32_get           
     0000418A  man_patrol_single_33_get           
     0000418E  man_patrol_single_41_get           
     00004192  man_patrol_single_42_get           
     00004196  man_patrol_single_43_get           
     0000419A  man_patrol_single_51_get           
     0000419E  man_patrol_single_52_get           
     000041A2  man_patrol_single_53_get           
     000041A6  man_patrol_single_61_get           
     000041AA  man_patrol_single_62_get           
     000041AE  man_patrol_single_63_get           
     000041B2  man_patrol_multi_11_get            
     000041B6  man_patrol_multi_12_get            
     000041BA  man_patrol_multi_13_get            
     000041BE  man_patrol_multi_21_get            
     000041C2  man_patrol_multi_22_get            
     000041C6  man_patrol_multi_23_get            
     000041CA  man_patrol_multi_31_get            
     000041CE  man_patrol_multi_32_get            
     000041D2  man_patrol_multi_33_get            
     000041D6  man_patrol_multi_41_get            
     000041DA  man_patrol_multi_42_get            
     000041DE  man_patrol_multi_43_get            
     000041E2  man_patrol_multi_51_get            
     000041E6  man_patrol_multi_52_get            
     000041EA  man_patrol_multi_53_get            
     000041EE  man_patrol_multi_61_get            
     000041F2  man_patrol_multi_62_get            
     000041F6  man_patrol_multi_63_get            
     0000425F  updategameover_init                
     000042D0  updategameover                     
     000042EC  set_winner_pos                     
     00004323  draw_winText                       
     00004368  draw_lostText                      
     000043AD  draw_continueText                  
     000043F2  draw_single_end_text               
     00004437  estado_game_over                   
     0000443B  kill_all                           
     00004481  reiniciar_gameover                 
     00004487  single_end_init                    
     00004498  single_end_update                  
     000044A3  create_plant                       
     000044A3  planta                             
     000044AC  plantman_getPlanta                 
     00004518  _gamemode                          cpct_keyboard
     00004519  _pausa                             cpct_keyboard
ASxxxx Linker V03.00 + NoICE + sdld,  page 6.
Hexadecimal  [32-Bits]

Area                                    Addr        Size        Decimal Bytes (Attributes)
--------------------------------        ----        ----        ------- ----- ------------
_CODE                               00001950    00005F7B =       24443. bytes (REL,CON)

      Value  Global                              Global Defined In Module
      -----  --------------------------------   ------------------------
     0000451A  _state                             cpct_keyboard
     0000451B  manage_game                        cpct_keyboard
     0000452B  set_Inicio                         cpct_keyboard
     00004539  set_Ingame                         cpct_keyboard
     00004563  set_Gameover                       cpct_keyboard
     0000456C  jugandostate_init                  cpct_keyboard
     00004604  render_overstate                   cpct_keyboard
     00004618  get_gamemode                       cpct_keyboard
     00004683  init_zerostate                     
     00004687  zerostate_update                   
     0000468E  next_gamemode                      
     000046AA  _num_entities                      
     000046BB  set_gamemode_ia                    
     00004718  init_entities                      
     000047FA  create_entities                    
     000047FA  jugador                            
     00004811  jugador2                           
     00004828  enemigo                            
     0000483F  enemigo2                           
     00004857  entityman_getEntityVector_IX       
     0000485C  entityman_num_entities             
     00004860  ingame_update                      
     0000487C  ingame_render                      
     00004889  unPause                            
     00004892  Pause                              
     000048BD  create_function_array              
     000048BD  name                               
     000048D1  funcion_ia_init                    
     000048E0  function_inc_puntero               
     000048F4  man_entity_get_funcion_array       
     000048F8  _num_bales                         
     000048F9  bales_array                        
     000048F9  create_bullets_array               
     00004940  entityman_getArray_Bales           
     00004945  entityman_num_Bales                
     00004949  move_entities_init                 
     00004964  move_entities                      
     0000496B  _move_canon                        
     000049FF  _move_balas                        
     00004AB6  check_gameover                     
     00004AE9  check_key_init                     cpct_keyboard
     00004AF1  check_key                          cpct_keyboard
     00004C37  play2_move_z                       cpct_keyboard
     00004D78  check_game_begin                   cpct_keyboard
     00004D97  holdingrestart                     cpct_keyboard
     00004D98  check_restart                      cpct_keyboard
     00004DB7  holdingEsc                         cpct_keyboard
     00004DB8  check_Esc                          cpct_keyboard
     00004DDA  check_unPause                      cpct_keyboard
     00004DF9  holdingpause                       cpct_keyboard
     00004DFA  check_Pause                        cpct_keyboard
ASxxxx Linker V03.00 + NoICE + sdld,  page 7.
Hexadecimal  [32-Bits]

Area                                    Addr        Size        Decimal Bytes (Attributes)
--------------------------------        ----        ----        ------- ----- ------------
_CODE                               00001950    00005F7B =       24443. bytes (REL,CON)

      Value  Global                              Global Defined In Module
      -----  --------------------------------   ------------------------
     00004E19  holdingQ                           cpct_keyboard
     00004E1A  check_nextGamemode                 cpct_keyboard
     00004E39  anib1                              
     00004E41  anib2                              
     00004E49  anib3                              
     00004E51  anib4                              
     00004E59  anib5                              
     00004E61  anib6                              
     00004E69  anib7                              
     00004E71  anib8                              
     00004E79  anic1                              
     00004E81  anic2                              
     00004E89  anic3                              
     00004E91  anic4                              
     00004E9B  animar                             
     00004ECD  animacion_bala                     
     00005033  limpiar_b                          
     000050BF  iniciar_animacion_bala             
     00005103  iniciar_animacion_canon            
     0000514C  limpiar_animaciones                
     00005177  sys_create_bullet_init             
     00005185  hacer_disparo                      
     0000518F  create_bullets                     
     000051F4  create_bullet                      
     000052FB  velocidad_balas                    
     00005333  sys_create_bullet_init2            
     00005341  hacer_disparo2                     
     00005350  comprobar_bala                     
     00005381  crear_bala                         
     000053BA  coloocar_bala                      
     00005467  clean_entities_init                
     00005482  clean_entities                     
     000054B8  _clean_balas                       
     000054E8  limpiar_ultimo                     
     0000556D  limpiar_ultima                     
     000055D1  kill_bullet_init                   
     000055DF  kill_bullet                        
     0000564E  kill_bullet_all                    
     0000566D  plant_render                       
     00005697  generate_music                     
     00005700  _sfx_interacion                    
     0000571E  sonido_disparo                     
     0000572B  sonido_muerte                      
     00005738  sonido_win                         
     00005745  sonido_interaccion                 
     00005752  off_muerte                         
     00005758  cancion1                           
     0000576C  cancion2                           
     00005780  cancion3                           
     00005794  cancion4                           
     000057A8  stopmusic                          
ASxxxx Linker V03.00 + NoICE + sdld,  page 8.
Hexadecimal  [32-Bits]

Area                                    Addr        Size        Decimal Bytes (Attributes)
--------------------------------        ----        ----        ------- ----- ------------
_CODE                               00001950    00005F7B =       24443. bytes (REL,CON)

      Value  Global                              Global Defined In Module
      -----  --------------------------------   ------------------------
     000057AC  next_song                          
     000057D7  draw_map                           
     000057F9  draw_map_sinhud                    
     0000581F  reset_lvl                          
     00005825  next_map                           
     000058E7  modificar_sprite                   
     00005926  sfxinteraccion                     
     00005961  sfxdisp                            
     000059D4  sfxdead                            
     00005A44  sfxwin                             
     00005B4F  kill_bullet_init_2                 
     00005B5D  kill_bullet_2                      
     00005BAA  posicion_entities                  
     00005BD7  pos_entities_single_1              
     00005C17  pos_entities_single_2              
     00005C56  pos_entities_single_3              
     00005C99  pos_entities_single_4              
     00005CDC  pos_entities_single_5              
     00005D1F  pos_entities_single_6              
     00005D5C  pos_entities_multi_1               
     00005D9E  pos_entities_multi_2               
     00005DA8  pos_entities_multi_3               
     00005DEA  pos_entities_multi_4               
     00005DF4  pos_entities_multi_5               
     00005E36  pos_entities_multi_6               
     00005E8E  reiniciar_posiciones               
     00005E97  comp_colisiones                    
     00005EF7  buscar_tile                        
     00005F1E  coger_puntero                      
     00005F29  cambiar_colisiones                 
     0000603A  reiniciar_colisiones               
     00006040  plant_update                       
     0000609A  isr                                
     000060AE  _contador                          
     000060AF  _tipsprite                         
     000060B0  rendersys_init                     
     000060CB  rendersys_update                   
     000060D5  render_entities                    
     000061C3  jugador_muerto                     
     000061F3  pintar_hud                         
     00006358  pintar_letras                      
     0000647F  patrol_nivel_single1               
     000064A7  patrol_nivel_single2               
     000064CF  patrol_nivel_single3               
     000064F7  patrol_nivel_single4               
     0000651F  patrol_nivel_single5               
     00006547  patrol_nivel_single6               
     0000656F  patrol_nivel_multi1                
     00006597  patrol_nivel_multi2                
     000065BF  patrol_nivel_multi3                
     000065E7  patrol_nivel_multi4                
ASxxxx Linker V03.00 + NoICE + sdld,  page 9.
Hexadecimal  [32-Bits]

Area                                    Addr        Size        Decimal Bytes (Attributes)
--------------------------------        ----        ----        ------- ----- ------------
_CODE                               00001950    00005F7B =       24443. bytes (REL,CON)

      Value  Global                              Global Defined In Module
      -----  --------------------------------   ------------------------
     0000660F  patrol_nivel_multi5                
     00006637  patrol_nivel_multi6                
     000066C7  zerostate_init                     
     000068AF  print_selected_green               
     00006963  sys_comp_disp_init                 
     0000697E  sys_comp_disp_update               
     000069DA  _choca_en_y                        
     00006A26  sys_ai_control_init                
     00006A53  sys_ai_control_update              
     00006A6D  _IA_ent                            
     00006AA0  _compr_shoot                       
     00006B42  sys_ia_stand_by                    
     00006B4C  sys_is_move_to                     
     00006BC9  sys_ai_patrol                      
     00006C1D  cambiar_dificultad_ia              
     00006C45  cambiar_velocidad_ia               
     00006C77  _cpct_setInterruptHandler          cpct_firmware
     00006C77  cpct_setInterruptHandler_asm       cpct_firmware
     00006C88  cpct_safeInterruptHandlerHook      cpct_firmware
     00006C9F  _cpct_isKeyPressed                 cpct_keyboard
     00006C9F  cpct_isKeyPressed_asm              cpct_keyboard
     00006CAB  cpct_setPalette_asm                cpct_video
     00006CBE  _cpct_akp_digidrumStatus           cpct_audio
     00006CBF  _cpct_akp_songLoopTimes            cpct_audio
     00006CC0  _cpct_akp_musicPlay                cpct_audio
     00006CC0  cpct_akp_musicPlay_asm             cpct_audio
     000073C3  _cpct_akp_musicInit                cpct_audio
     000073CA  cpct_akp_musicInit_asm             cpct_audio
     00007423  _cpct_akp_stop                     cpct_audio
     00007423  cpct_akp_stop_asm                  cpct_audio
     00007436  _cpct_akp_SFXGetInstrument         cpct_audio
     0000743B  cpct_akp_SFXGetInstrument_asm      cpct_audio
     0000744F  _cpct_akp_SFXInit                  cpct_audio
     00007456  cpct_akp_SFXInit_asm               cpct_audio
     0000745D  _cpct_akp_SFXStopAll               cpct_audio
     0000745D  cpct_akp_SFXStopAll_asm            cpct_audio
     0000746A  _cpct_akp_SFXPlay                  cpct_audio
     0000747C  cpct_akp_SFXPlay_asm               cpct_audio
     000074C9  _cpct_akp_SFXStop                  cpct_audio
     000074CE  cpct_akp_SFXStop_asm               cpct_audio
     000074E7  cpct_drawStringM0_asm              cpct_strings
     0000750D  cpct_drawCharM0_inner_asm          cpct_strings
     0000756D  dc_2pxtableM0                      cpct_strings
     00007571  cpct_drawSprite_asm                cpct_sprites
     00007611  cpct_etm_drawTilemap4x8_ag_asm     cpct_easytilemaps
     00007613  cpct_etm_dtm4x8_ag_asm_widthHeig   cpct_easytilemaps
     00007629  cpct_etm_dtm4x8_ag_asm_tilesetPt   cpct_easytilemaps
     00007694  cpct_etm_dtm4x8_ag_asm_restoreI    cpct_easytilemaps
     0000769A  cpct_etm_dtm4x8_ag_asm_increment   cpct_easytilemaps
     0000769F  cpct_etm_dtm4x8_ag_asm_restoreWi   cpct_easytilemaps
     000076A2  cpct_etm_dtm4x8_ag_asm_updateWid   cpct_easytilemaps
ASxxxx Linker V03.00 + NoICE + sdld,  page 10.
Hexadecimal  [32-Bits]

Area                                    Addr        Size        Decimal Bytes (Attributes)
--------------------------------        ----        ----        ------- ----- ------------
_CODE                               00001950    00005F7B =       24443. bytes (REL,CON)

      Value  Global                              Global Defined In Module
      -----  --------------------------------   ------------------------
     000076AA  _cpct_keyboardStatusBuffer         cpct_keyboard
     000076B4  cpct_waitHalts_asm                 cpct_memutils
     000076B8  _cpct_setVideoMemoryPage           cpct_video
     000076B8  cpct_setVideoMemoryPage_asm        cpct_video
     000076C1  cpct_setVideoMode_asm              cpct_video
     000076CE  _cpct_waitVSYNC                    cpct_video
     000076CE  cpct_waitVSYNC_asm                 cpct_video
     000076D6  cpct_zx7b_decrunch_s_asm           cpct_compression
     00007716  _cpct_disableFirmware              cpct_firmware
     00007716  _cpct_removeInterruptHandler       cpct_firmware
     00007716  cpct_disableFirmware_asm           cpct_firmware
     00007716  cpct_removeInterruptHandler_asm    cpct_firmware
     00007726  cpct_drawSolidBox_asm              cpct_sprites
     000077D2  _cpct_getRandom_mxor_u8            cpct_random
     000077D2  cpct_getRandom_mxor_u8_asm         cpct_random
     000077D3  cpct_randomIdx_mxor_u8             cpct_random
     000077F7  _cpct_mode_rom_status              cpct_firmware
     000077F8  cpct_setDrawCharM0_asm             cpct_strings
     0000781B  cpct_getScreenPtr_asm              cpct_video
     00007837  _cpct_scanKeyboard                 cpct_keyboard
     00007837  cpct_scanKeyboard_asm              cpct_keyboard
     00007868  cpct_etm_setDrawTilemap4x8_ag_as   cpct_easytilemaps
     00007894  _cpct_mxor32_seed                  cpct_random
     00007898  _cpct_nextRandom_mxor_u32          cpct_random
     00007898  cpct_nextRandom_mxor_u32_asm       cpct_random
     000078BB  dc_mode0_ct                        cpct_strings

ASxxxx Linker V03.00 + NoICE + sdld,  page 11.
Hexadecimal  [32-Bits]

Area                                    Addr        Size        Decimal Bytes (Attributes)
--------------------------------        ----        ----        ------- ----- ------------
__song40                            00000000    00000131 =         305. bytes (ABS,CON)

      Value  Global                              Global Defined In Module
      -----  --------------------------------   ------------------------
     00000411  _song4                             

ASxxxx Linker V03.00 + NoICE + sdld,  page 12.
Hexadecimal  [32-Bits]

Area                                    Addr        Size        Decimal Bytes (Attributes)
--------------------------------        ----        ----        ------- ----- ------------
__song30                            00000000    00000174 =         372. bytes (ABS,CON)

      Value  Global                              Global Defined In Module
      -----  --------------------------------   ------------------------
     0000029E  _song3                             

ASxxxx Linker V03.00 + NoICE + sdld,  page 13.
Hexadecimal  [32-Bits]

Area                                    Addr        Size        Decimal Bytes (Attributes)
--------------------------------        ----        ----        ------- ----- ------------
__song20                            00000000    000000E2 =         226. bytes (ABS,CON)

      Value  Global                              Global Defined In Module
      -----  --------------------------------   ------------------------
     000001BD  _song2                             

ASxxxx Linker V03.00 + NoICE + sdld,  page 14.
Hexadecimal  [32-Bits]

Area                                    Addr        Size        Decimal Bytes (Attributes)
--------------------------------        ----        ----        ------- ----- ------------
__song0                             00000000    0000017E =         382. bytes (ABS,CON)

      Value  Global                              Global Defined In Module
      -----  --------------------------------   ------------------------
     00000040  _song                              

ASxxxx Linker V03.00 + NoICE + sdld,  page 15.

Files Linked                              [ module(s) ]

obj/mapas/tiles32_32.rel                  [ tiles32_32 ]
obj/sprites/4.rel                         [ 4 ]
obj/sprites/3.rel                         [ 3 ]
obj/sprites/2.rel                         [ 2 ]
obj/sprites/balaExp.rel                   [ balaExp ]
obj/sprites/explosionTanque.rel           [ explosionTanque ]
obj/sprites/bala.rel                      [ bala ]
obj/sprites/player.rel                    [ player ]
obj/sprites/plant.rel                     [ plant ]
obj/sprites/tankes8x16.rel                [ tankes8x16 ]
obj/music/cancion4.rel                    [  ]
obj/music/cancion3.rel                    [  ]
obj/music/cancion2.rel                    [  ]
obj/music/cancion1.rel                    [  ]
obj/mapas/single_mapa6.h.rel              [  ]
obj/mapas/single_mapa6.rel                [  ]
obj/mapas/single_mapa5.h.rel              [  ]
obj/mapas/single_mapa5.rel                [  ]
obj/mapas/single_mapa4.h.rel              [  ]
obj/mapas/single_mapa4.rel                [  ]
obj/mapas/single_mapa3.h.rel              [  ]
obj/mapas/single_mapa3.rel                [  ]
obj/mapas/single_mapa2.h.rel              [  ]
obj/mapas/single_mapa2.rel                [  ]
obj/mapas/single_mapa1.h.rel              [  ]
obj/mapas/single_mapa1.rel                [  ]
obj/mapas/mapa6.h.rel                     [  ]
obj/mapas/mapa6.rel                       [  ]
obj/mapas/mapa5.h.rel                     [  ]
obj/mapas/mapa5.rel                       [  ]
obj/mapas/mapa4.h.rel                     [  ]
obj/mapas/mapa4.rel                       [  ]
obj/mapas/mapa3.h.rel                     [  ]
obj/mapas/mapa3.rel                       [  ]
obj/mapas/mapa2.h.rel                     [  ]
obj/mapas/mapa2.rel                       [  ]
obj/mapas/mapa1.h.rel                     [  ]
obj/mapas/mapa1.rel                       [  ]
obj/assets.h.rel                          [  ]
obj/main.rel                              [  ]
obj/cpct_functions.h.rel                  [  ]
obj/man/entity_manager.h.rel              [  ]
obj/man/pause.h.rel                       [  ]
obj/man/man_create_nivel.rel              [  ]
obj/man/manager_buffer.rel                [  ]
obj/man/man_create_nivel.h.rel            [  ]
obj/man/patrol_manager.h.rel              [  ]
obj/man/st_ingame_state.h.rel             [  ]
obj/man/patrol_manager.rel                [  ]
obj/man/st_game_over.rel                  [  ]
obj/man/plant_manager.rel                 [  ]
obj/man/function_ia.h.rel                 [  ]
obj/man/shot_manager.h.rel                [  ]
obj/man/state_manager.h.rel               [  ]
obj/man/state_manager.rel                 [ cpct_keyboard ]
obj/man/st_zerostate_manager.rel          [  ]
obj/man/st_zerostate_manager.h.rel        [  ]
obj/man/entity_manager.rel                [  ]
obj/man/manager_buffer.h.rel              [  ]
obj/man/st_ingame_state.rel               [  ]
obj/man/plant_manager.h.rel               [  ]
obj/man/pause.rel                         [  ]
obj/man/st_game_over.h.rel                [  ]
obj/man/function_ia.rel                   [  ]
obj/man/shot_manager.rel                  [  ]
obj/sys/sys_interrup.h.rel                [  ]
obj/sys/sys_map_creator.h.rel             [  ]
obj/sys/physical_system.rel               [  ]
obj/sys/check_key.rel                     [ cpct_keyboard ]
obj/sys/sys_a.rel                         [  ]
obj/sys/sys_a.h.rel                       [  ]
obj/sys/sys_dir.h.rel                     [  ]
obj/sys/sys_create_bullet.rel             [  ]
obj/sys/sys_create_bullet_2.rel           [  ]
obj/sys/clean_entities.rel                [  ]
obj/sys/sys_create_bullet.h.rel           [  ]
obj/sys/sys_kill_bullet.rel               [  ]
obj/sys/plant_render.rel                  [  ]
obj/sys/sys_patrol.h.rel                  [  ]
obj/sys/sys_create_bullet_2.h.rel         [  ]
obj/sys/clean_entities.h.rel              [  ]
obj/sys/plant_render.h.rel                [  ]
obj/sys/sys_interrup_music.rel            [  ]
obj/sys/sys_posicionar_entities.h.rel     [  ]
obj/sys/sys_map_creator.rel               [  ]
obj/sys/sys_dir.rel                       [  ]
obj/sys/sys_music.rel                     [  ]
obj/sys/sys_kill_bullet.h.rel             [  ]
obj/sys/sys_kill_bullet_2.rel             [  ]
obj/sys/sys_comp_disp.h.rel               [  ]
obj/sys/sys_map_colision.h.rel            [  ]
obj/sys/sys_interrup_music.h.rel          [  ]
obj/sys/physical_system.h.rel             [  ]
obj/sys/sys_kill_bullet_2.h.rel           [  ]
obj/sys/sys_posicionar_entities.rel       [  ]
obj/sys/sys_map_colision.rel              [  ]
obj/sys/plant_physics.rel                 [  ]
obj/sys/ia_control_sys.h.rel              [  ]
obj/sys/sys_interrup.rel                  [  ]
obj/sys/plant_physics.h.rel               [  ]
obj/sys/render_system.rel                 [  ]
obj/sys/sys_music.h.rel                   [  ]
obj/sys/sys_patrol.rel                    [  ]
obj/sys/sys_menu.rel                      [  ]
obj/sys/sys_menu.h.rel                    [  ]
obj/sys/render_system.h.rel               [  ]
obj/sys/sys_comp_disp.rel                 [  ]
obj/sys/ia_control_sys.rel                [  ]
obj/sys/check_key.h.rel                   [  ]


Libraries Linked                          [ object file ]

/home/v1/Escritorio/cpc/cpctelera/cpctelera/cpctelera.lib
                                          [ cpct_setInterruptHandler.rel ]
/home/v1/Escritorio/cpc/cpctelera/cpctelera/cpctelera.lib
                                          [ cpct_isKeyPressed.rel ]
/home/v1/Escritorio/cpc/cpctelera/cpctelera/cpctelera.lib
                                          [ cpct_setPalette_asmbindings.rel ]
/home/v1/Escritorio/cpc/cpctelera/cpctelera/cpctelera.lib
                                          [ arkostracker.rel ]
/home/v1/Escritorio/cpc/cpctelera/cpctelera/cpctelera.lib
                                          [ cpct_drawStringM0_asmbindings.re ]
/home/v1/Escritorio/cpc/cpctelera/cpctelera/cpctelera.lib
                                          [ cpct_drawCharM0_inner.rel ]
/home/v1/Escritorio/cpc/cpctelera/cpctelera/cpctelera.lib
                                          [ cpct_drawSprite_asmbindings.rel ]
/home/v1/Escritorio/cpc/cpctelera/cpctelera/cpctelera.lib
                                          [ cpct_etm_drawTilemap4x8_ag_asmbi ]
/home/v1/Escritorio/cpc/cpctelera/cpctelera/cpctelera.lib
                                          [ keyboard.rel ]
/home/v1/Escritorio/cpc/cpctelera/cpctelera/cpctelera.lib
                                          [ cpct_waitHalts_asmbindings.rel ]
/home/v1/Escritorio/cpc/cpctelera/cpctelera/cpctelera.lib
                                          [ cpct_setVideoMemoryPage.rel ]
/home/v1/Escritorio/cpc/cpctelera/cpctelera/cpctelera.lib
                                          [ cpct_setVideoMode_asmbindings.re ]
/home/v1/Escritorio/cpc/cpctelera/cpctelera/cpctelera.lib
                                          [ cpct_waitVSYNC.rel ]
/home/v1/Escritorio/cpc/cpctelera/cpctelera/cpctelera.lib
                                          [ cpct_zx7b_decrunch_s_asmbindings ]
/home/v1/Escritorio/cpc/cpctelera/cpctelera/cpctelera.lib
                                          [ cpct_removeInterruptHandler.rel ]
/home/v1/Escritorio/cpc/cpctelera/cpctelera/cpctelera.lib
                                          [ cpct_drawSolidBox_asmbindings.re ]
/home/v1/Escritorio/cpc/cpctelera/cpctelera/cpctelera.lib
                                          [ cpct_getRandom_mxor_u8.rel ]
/home/v1/Escritorio/cpc/cpctelera/cpctelera/cpctelera.lib
                                          [ cpc_mode_rom_status.rel ]
/home/v1/Escritorio/cpc/cpctelera/cpctelera/cpctelera.lib
                                          [ cpct_setDrawCharM0_asmbindings.r ]
/home/v1/Escritorio/cpc/cpctelera/cpctelera/cpctelera.lib
                                          [ cpct_getScreenPtr_asmbindings.re ]
/home/v1/Escritorio/cpc/cpctelera/cpctelera/cpctelera.lib
                                          [ cpct_scanKeyboard.rel ]
/home/v1/Escritorio/cpc/cpctelera/cpctelera/cpctelera.lib
                                          [ cpct_etm_setDrawTilemap4x8_ag_as ]
/home/v1/Escritorio/cpc/cpctelera/cpctelera/cpctelera.lib
                                          [ cpct_mxor32_seed.rel ]
/home/v1/Escritorio/cpc/cpctelera/cpctelera/cpctelera.lib
                                          [ cpct_nextRandom_mxor_u32.rel ]
/home/v1/Escritorio/cpc/cpctelera/cpctelera/cpctelera.lib
                                          [ cpct_dc_mode0_ct.rel ]

ASxxxx Linker V03.00 + NoICE + sdld,  page 16.

User Base Address Definitions

_CODE = 0x1950
_DATA = 0x0000

